Starting up http-server, serving ./

http-server version: 14.1.1

http-server settings:
CORS: disabled
Cache: 3600 seconds
Connection Timeout: 120 seconds
Directory Listings: visible
AutoIndex: visible
Serve GZIP Files: false
Serve Brotli Files: false
Default File Extension: none

Available on:
  http://127.0.0.1:8080
  http://192.168.0.2:8080
Hit CTRL-C to stop the server

[2026-09-03T03:08:50.785Z]  "GET /pages/historic-map.html" "Mozilla/5.0 (X11; Linux x86_64) AppleWebKit/537.36 (KHTML, like Gecko) HeadlessChrome/151.0.7922.34 Safari/537.36"
(node:607971) [DEP0066] DeprecationWarning: OutgoingMessage.prototype._headers is deprecated
(Use `node --trace-deprecation ...` to show where the warning was created)
[2026-09-03T03:08:50.845Z]  "GET /css/global.css" "Mozilla/5.0 (X11; Linux x86_64) AppleWebKit/537.36 (KHTML, like Gecko) HeadlessChrome/151.0.7922.34 Safari/537.36"
[2026-09-03T03:08:50.862Z]  "GET /css/historic-map.css" "Mozilla/5.0 (X11; Linux x86_64) AppleWebKit/537.36 (KHTML, like Gecko) HeadlessChrome/151.0.7922.34 Safari/537.36"
[2026-09-03T03:08:50.864Z]  "GET /js/data/sanatan-glossary.js" "Mozilla/5.0 (X11; Linux x86_64) AppleWebKit/537.36 (KHTML, like Gecko) HeadlessChrome/151.0.7922.34 Safari/537.36"
[2026-09-03T03:08:50.865Z]  "GET /js/data/historic-data.js" "Mozilla/5.0 (X11; Linux x86_64) AppleWebKit/537.36 (KHTML, like Gecko) HeadlessChrome/151.0.7922.34 Safari/537.36"
[2026-09-03T03:08:50.867Z]  "GET /js/layout-engine/index.js" "Mozilla/5.0 (X11; Linux x86_64) AppleWebKit/537.36 (KHTML, like Gecko) HeadlessChrome/151.0.7922.34 Safari/537.36"
[2026-09-03T03:08:50.868Z]  "GET /js/path-finder.js" "Mozilla/5.0 (X11; Linux x86_64) AppleWebKit/537.36 (KHTML, like Gecko) HeadlessChrome/151.0.7922.34 Safari/537.36"
[2026-09-03T03:08:50.870Z]  "GET /js/map-state.js" "Mozilla/5.0 (X11; Linux x86_64) AppleWebKit/537.36 (KHTML, like Gecko) HeadlessChrome/151.0.7922.34 Safari/537.36"
[2026-09-03T03:08:50.894Z]  "GET /js/map-renderer.js" "Mozilla/5.0 (X11; Linux x86_64) AppleWebKit/537.36 (KHTML, like Gecko) HeadlessChrome/151.0.7922.34 Safari/537.36"
[2026-09-03T03:08:50.897Z]  "GET /js/map-controls.js" "Mozilla/5.0 (X11; Linux x86_64) AppleWebKit/537.36 (KHTML, like Gecko) HeadlessChrome/151.0.7922.34 Safari/537.36"
[2026-09-03T03:08:50.897Z]  "GET /js/map-ui.js" "Mozilla/5.0 (X11; Linux x86_64) AppleWebKit/537.36 (KHTML, like Gecko) HeadlessChrome/151.0.7922.34 Safari/537.36"
[2026-09-03T03:08:50.909Z]  "GET /js/data/historic-map-data/supreme.js" "Mozilla/5.0 (X11; Linux x86_64) AppleWebKit/537.36 (KHTML, like Gecko) HeadlessChrome/151.0.7922.34 Safari/537.36"
[2026-09-03T03:08:50.913Z]  "GET /js/historic-map.js" "Mozilla/5.0 (X11; Linux x86_64) AppleWebKit/537.36 (KHTML, like Gecko) HeadlessChrome/151.0.7922.34 Safari/537.36"
[2026-09-03T03:08:50.919Z]  "GET /js/data/historic-map-data/vishnu/vishnu-base.js" "Mozilla/5.0 (X11; Linux x86_64) AppleWebKit/537.36 (KHTML, like Gecko) HeadlessChrome/151.0.7922.34 Safari/537.36"
[2026-09-03T03:08:50.920Z]  "GET /js/data/historic-map-data/mahesh/mahesh-base.js" "Mozilla/5.0 (X11; Linux x86_64) AppleWebKit/537.36 (KHTML, like Gecko) HeadlessChrome/151.0.7922.34 Safari/537.36"
[2026-09-03T03:08:50.920Z]  "GET /js/data/historic-map-data/brahma/brahma-base.js" "Mozilla/5.0 (X11; Linux x86_64) AppleWebKit/537.36 (KHTML, like Gecko) HeadlessChrome/151.0.7922.34 Safari/537.36"
[2026-09-03T03:08:50.920Z]  "GET /js/data/historic-map-data/brahma/kashyap.js" "Mozilla/5.0 (X11; Linux x86_64) AppleWebKit/537.36 (KHTML, like Gecko) HeadlessChrome/151.0.7922.34 Safari/537.36"
[2026-09-03T03:08:50.921Z]  "GET /js/data/historic-map-data/brahma/suryavansh.js" "Mozilla/5.0 (X11; Linux x86_64) AppleWebKit/537.36 (KHTML, like Gecko) HeadlessChrome/151.0.7922.34 Safari/537.36"
[2026-09-03T03:08:50.922Z]  "GET /js/data/historic-map-data/brahma/chandravansh/core.js" "Mozilla/5.0 (X11; Linux x86_64) AppleWebKit/537.36 (KHTML, like Gecko) HeadlessChrome/151.0.7922.34 Safari/537.36"
[2026-09-03T03:08:50.945Z]  "GET /js/data/historic-map-data/brahma/chandravansh/kashi.js" "Mozilla/5.0 (X11; Linux x86_64) AppleWebKit/537.36 (KHTML, like Gecko) HeadlessChrome/151.0.7922.34 Safari/537.36"
[2026-09-03T03:08:50.955Z]  "GET /js/data/historic-map-data/brahma/chandravansh/yadu.js" "Mozilla/5.0 (X11; Linux x86_64) AppleWebKit/537.36 (KHTML, like Gecko) HeadlessChrome/151.0.7922.34 Safari/537.36"
[2026-09-03T03:08:50.956Z]  "GET /js/data/historic-map-data/brahma/chandravansh/puru.js" "Mozilla/5.0 (X11; Linux x86_64) AppleWebKit/537.36 (KHTML, like Gecko) HeadlessChrome/151.0.7922.34 Safari/537.36"
[2026-09-03T03:08:50.958Z]  "GET /js/data/historic-map-data/brahma/chandravansh/kuru.js" "Mozilla/5.0 (X11; Linux x86_64) AppleWebKit/537.36 (KHTML, like Gecko) HeadlessChrome/151.0.7922.34 Safari/537.36"
[2026-09-03T03:08:50.963Z]  "GET /js/data/historic-map-data/brahma/chandravansh/anu_druhyu_turvasu.js" "Mozilla/5.0 (X11; Linux x86_64) AppleWebKit/537.36 (KHTML, like Gecko) HeadlessChrome/151.0.7922.34 Safari/537.36"
[2026-09-03T03:08:50.964Z]  "GET /js/data/historic-map-data/brahma/agnivansh.js" "Mozilla/5.0 (X11; Linux x86_64) AppleWebKit/537.36 (KHTML, like Gecko) HeadlessChrome/151.0.7922.34 Safari/537.36"
[2026-09-03T03:08:50.964Z]  "GET /js/data/historic-map-data/brahma/jhansi-newalkar.js" "Mozilla/5.0 (X11; Linux x86_64) AppleWebKit/537.36 (KHTML, like Gecko) HeadlessChrome/151.0.7922.34 Safari/537.36"
[2026-09-03T03:08:50.965Z]  "GET /js/layout-engine/tree-builder.js" "Mozilla/5.0 (X11; Linux x86_64) AppleWebKit/537.36 (KHTML, like Gecko) HeadlessChrome/151.0.7922.34 Safari/537.36"
[2026-09-03T03:08:50.989Z]  "GET /js/layout-engine/position-calculator.js" "Mozilla/5.0 (X11; Linux x86_64) AppleWebKit/537.36 (KHTML, like Gecko) HeadlessChrome/151.0.7922.34 Safari/537.36"
[2026-09-03T03:08:50.992Z]  "GET /js/layout-engine/contour-calculator.js" "Mozilla/5.0 (X11; Linux x86_64) AppleWebKit/537.36 (KHTML, like Gecko) HeadlessChrome/151.0.7922.34 Safari/537.36"
[2026-09-03T03:08:50.992Z]  "GET /js/layout-engine/hierarchical-layout.js" "Mozilla/5.0 (X11; Linux x86_64) AppleWebKit/537.36 (KHTML, like Gecko) HeadlessChrome/151.0.7922.34 Safari/537.36"
[2026-09-03T03:08:50.993Z]  "GET /js/layout-engine/color-assigner.js" "Mozilla/5.0 (X11; Linux x86_64) AppleWebKit/537.36 (KHTML, like Gecko) HeadlessChrome/151.0.7922.34 Safari/537.36"
[2026-09-03T03:08:50.994Z]  "GET /js/layout-engine/constants.js" "Mozilla/5.0 (X11; Linux x86_64) AppleWebKit/537.36 (KHTML, like Gecko) HeadlessChrome/151.0.7922.34 Safari/537.36"
[2026-09-03T03:10:38.946Z]  "GET /pages/historic-map.html" "Mozilla/5.0 (X11; Linux x86_64) AppleWebKit/537.36 (KHTML, like Gecko) HeadlessChrome/151.0.7922.34 Safari/537.36"
[2026-09-03T03:10:38.969Z]  "GET /css/global.css" "Mozilla/5.0 (X11; Linux x86_64) AppleWebKit/537.36 (KHTML, like Gecko) HeadlessChrome/151.0.7922.34 Safari/537.36"
[2026-09-03T03:10:38.975Z]  "GET /css/historic-map.css" "Mozilla/5.0 (X11; Linux x86_64) AppleWebKit/537.36 (KHTML, like Gecko) HeadlessChrome/151.0.7922.34 Safari/537.36"
[2026-09-03T03:10:38.976Z]  "GET /js/data/sanatan-glossary.js" "Mozilla/5.0 (X11; Linux x86_64) AppleWebKit/537.36 (KHTML, like Gecko) HeadlessChrome/151.0.7922.34 Safari/537.36"
[2026-09-03T03:10:38.977Z]  "GET /js/data/historic-data.js" "Mozilla/5.0 (X11; Linux x86_64) AppleWebKit/537.36 (KHTML, like Gecko) HeadlessChrome/151.0.7922.34 Safari/537.36"
[2026-09-03T03:10:38.977Z]  "GET /js/layout-engine/index.js" "Mozilla/5.0 (X11; Linux x86_64) AppleWebKit/537.36 (KHTML, like Gecko) HeadlessChrome/151.0.7922.34 Safari/537.36"
[2026-09-03T03:10:38.978Z]  "GET /js/path-finder.js" "Mozilla/5.0 (X11; Linux x86_64) AppleWebKit/537.36 (KHTML, like Gecko) HeadlessChrome/151.0.7922.34 Safari/537.36"
[2026-09-03T03:10:38.978Z]  "GET /js/map-state.js" "Mozilla/5.0 (X11; Linux x86_64) AppleWebKit/537.36 (KHTML, like Gecko) HeadlessChrome/151.0.7922.34 Safari/537.36"
[2026-09-03T03:10:38.986Z]  "GET /js/map-renderer.js" "Mozilla/5.0 (X11; Linux x86_64) AppleWebKit/537.36 (KHTML, like Gecko) HeadlessChrome/151.0.7922.34 Safari/537.36"
[2026-09-03T03:10:38.989Z]  "GET /js/map-controls.js" "Mozilla/5.0 (X11; Linux x86_64) AppleWebKit/537.36 (KHTML, like Gecko) HeadlessChrome/151.0.7922.34 Safari/537.36"
[2026-09-03T03:10:38.989Z]  "GET /js/map-ui.js" "Mozilla/5.0 (X11; Linux x86_64) AppleWebKit/537.36 (KHTML, like Gecko) HeadlessChrome/151.0.7922.34 Safari/537.36"
[2026-09-03T03:10:38.991Z]  "GET /js/historic-map.js" "Mozilla/5.0 (X11; Linux x86_64) AppleWebKit/537.36 (KHTML, like Gecko) HeadlessChrome/151.0.7922.34 Safari/537.36"
[2026-09-03T03:10:38.999Z]  "GET /js/layout-engine/tree-builder.js" "Mozilla/5.0 (X11; Linux x86_64) AppleWebKit/537.36 (KHTML, like Gecko) HeadlessChrome/151.0.7922.34 Safari/537.36"
[2026-09-03T03:10:39.001Z]  "GET /js/layout-engine/position-calculator.js" "Mozilla/5.0 (X11; Linux x86_64) AppleWebKit/537.36 (KHTML, like Gecko) HeadlessChrome/151.0.7922.34 Safari/537.36"
[2026-09-03T03:10:39.002Z]  "GET /js/layout-engine/contour-calculator.js" "Mozilla/5.0 (X11; Linux x86_64) AppleWebKit/537.36 (KHTML, like Gecko) HeadlessChrome/151.0.7922.34 Safari/537.36"
[2026-09-03T03:10:39.005Z]  "GET /js/layout-engine/hierarchical-layout.js" "Mozilla/5.0 (X11; Linux x86_64) AppleWebKit/537.36 (KHTML, like Gecko) HeadlessChrome/151.0.7922.34 Safari/537.36"
[2026-09-03T03:10:39.005Z]  "GET /js/layout-engine/color-assigner.js" "Mozilla/5.0 (X11; Linux x86_64) AppleWebKit/537.36 (KHTML, like Gecko) HeadlessChrome/151.0.7922.34 Safari/537.36"
[2026-09-03T03:10:39.006Z]  "GET /js/layout-engine/constants.js" "Mozilla/5.0 (X11; Linux x86_64) AppleWebKit/537.36 (KHTML, like Gecko) HeadlessChrome/151.0.7922.34 Safari/537.36"
[2026-09-03T03:10:39.013Z]  "GET /js/data/historic-map-data/supreme.js" "Mozilla/5.0 (X11; Linux x86_64) AppleWebKit/537.36 (KHTML, like Gecko) HeadlessChrome/151.0.7922.34 Safari/537.36"
[2026-09-03T03:10:39.015Z]  "GET /js/data/historic-map-data/vishnu/vishnu-base.js" "Mozilla/5.0 (X11; Linux x86_64) AppleWebKit/537.36 (KHTML, like Gecko) HeadlessChrome/151.0.7922.34 Safari/537.36"
[2026-09-03T03:10:39.015Z]  "GET /js/data/historic-map-data/mahesh/mahesh-base.js" "Mozilla/5.0 (X11; Linux x86_64) AppleWebKit/537.36 (KHTML, like Gecko) HeadlessChrome/151.0.7922.34 Safari/537.36"
[2026-09-03T03:10:39.016Z]  "GET /js/data/historic-map-data/brahma/brahma-base.js" "Mozilla/5.0 (X11; Linux x86_64) AppleWebKit/537.36 (KHTML, like Gecko) HeadlessChrome/151.0.7922.34 Safari/537.36"
[2026-09-03T03:10:39.016Z]  "GET /js/data/historic-map-data/brahma/kashyap.js" "Mozilla/5.0 (X11; Linux x86_64) AppleWebKit/537.36 (KHTML, like Gecko) HeadlessChrome/151.0.7922.34 Safari/537.36"
[2026-09-03T03:10:39.016Z]  "GET /js/data/historic-map-data/brahma/suryavansh.js" "Mozilla/5.0 (X11; Linux x86_64) AppleWebKit/537.36 (KHTML, like Gecko) HeadlessChrome/151.0.7922.34 Safari/537.36"
[2026-09-03T03:10:39.021Z]  "GET /js/data/historic-map-data/brahma/chandravansh/core.js" "Mozilla/5.0 (X11; Linux x86_64) AppleWebKit/537.36 (KHTML, like Gecko) HeadlessChrome/151.0.7922.34 Safari/537.36"
[2026-09-03T03:10:39.022Z]  "GET /js/data/historic-map-data/brahma/chandravansh/kashi.js" "Mozilla/5.0 (X11; Linux x86_64) AppleWebKit/537.36 (KHTML, like Gecko) HeadlessChrome/151.0.7922.34 Safari/537.36"
[2026-09-03T03:10:39.032Z]  "GET /js/data/historic-map-data/brahma/chandravansh/yadu.js" "Mozilla/5.0 (X11; Linux x86_64) AppleWebKit/537.36 (KHTML, like Gecko) HeadlessChrome/151.0.7922.34 Safari/537.36"
[2026-09-03T03:10:39.033Z]  "GET /js/data/historic-map-data/brahma/chandravansh/puru.js" "Mozilla/5.0 (X11; Linux x86_64) AppleWebKit/537.36 (KHTML, like Gecko) HeadlessChrome/151.0.7922.34 Safari/537.36"
[2026-09-03T03:10:39.033Z]  "GET /js/data/historic-map-data/brahma/chandravansh/kuru.js" "Mozilla/5.0 (X11; Linux x86_64) AppleWebKit/537.36 (KHTML, like Gecko) HeadlessChrome/151.0.7922.34 Safari/537.36"
[2026-09-03T03:10:39.033Z]  "GET /js/data/historic-map-data/brahma/chandravansh/anu_druhyu_turvasu.js" "Mozilla/5.0 (X11; Linux x86_64) AppleWebKit/537.36 (KHTML, like Gecko) HeadlessChrome/151.0.7922.34 Safari/537.36"
[2026-09-03T03:10:39.034Z]  "GET /js/data/historic-map-data/brahma/agnivansh.js" "Mozilla/5.0 (X11; Linux x86_64) AppleWebKit/537.36 (KHTML, like Gecko) HeadlessChrome/151.0.7922.34 Safari/537.36"
[2026-09-03T03:10:39.041Z]  "GET /js/data/historic-map-data/brahma/jhansi-newalkar.js" "Mozilla/5.0 (X11; Linux x86_64) AppleWebKit/537.36 (KHTML, like Gecko) HeadlessChrome/151.0.7922.34 Safari/537.36"
[2026-09-03T03:11:56.328Z]  "GET /pages/historic-map.html" "Mozilla/5.0 (X11; Linux x86_64) AppleWebKit/537.36 (KHTML, like Gecko) HeadlessChrome/151.0.7922.34 Safari/537.36"
[2026-09-03T03:11:56.352Z]  "GET /css/global.css" "Mozilla/5.0 (X11; Linux x86_64) AppleWebKit/537.36 (KHTML, like Gecko) HeadlessChrome/151.0.7922.34 Safari/537.36"
[2026-09-03T03:11:56.358Z]  "GET /css/historic-map.css" "Mozilla/5.0 (X11; Linux x86_64) AppleWebKit/537.36 (KHTML, like Gecko) HeadlessChrome/151.0.7922.34 Safari/537.36"
[2026-09-03T03:11:56.359Z]  "GET /js/data/sanatan-glossary.js" "Mozilla/5.0 (X11; Linux x86_64) AppleWebKit/537.36 (KHTML, like Gecko) HeadlessChrome/151.0.7922.34 Safari/537.36"
[2026-09-03T03:11:56.360Z]  "GET /js/data/historic-data.js" "Mozilla/5.0 (X11; Linux x86_64) AppleWebKit/537.36 (KHTML, like Gecko) HeadlessChrome/151.0.7922.34 Safari/537.36"
[2026-09-03T03:11:56.361Z]  "GET /js/layout-engine/index.js" "Mozilla/5.0 (X11; Linux x86_64) AppleWebKit/537.36 (KHTML, like Gecko) HeadlessChrome/151.0.7922.34 Safari/537.36"
[2026-09-03T03:11:56.361Z]  "GET /js/path-finder.js" "Mozilla/5.0 (X11; Linux x86_64) AppleWebKit/537.36 (KHTML, like Gecko) HeadlessChrome/151.0.7922.34 Safari/537.36"
[2026-09-03T03:11:56.365Z]  "GET /js/map-controls.js" "Mozilla/5.0 (X11; Linux x86_64) AppleWebKit/537.36 (KHTML, like Gecko) HeadlessChrome/151.0.7922.34 Safari/537.36"
[2026-09-03T03:11:56.366Z]  "GET /js/map-state.js" "Mozilla/5.0 (X11; Linux x86_64) AppleWebKit/537.36 (KHTML, like Gecko) HeadlessChrome/151.0.7922.34 Safari/537.36"
[2026-09-03T03:11:56.366Z]  "GET /js/map-renderer.js" "Mozilla/5.0 (X11; Linux x86_64) AppleWebKit/537.36 (KHTML, like Gecko) HeadlessChrome/151.0.7922.34 Safari/537.36"
[2026-09-03T03:11:56.374Z]  "GET /js/map-ui.js" "Mozilla/5.0 (X11; Linux x86_64) AppleWebKit/537.36 (KHTML, like Gecko) HeadlessChrome/151.0.7922.34 Safari/537.36"
[2026-09-03T03:11:56.374Z]  "GET /js/historic-map.js" "Mozilla/5.0 (X11; Linux x86_64) AppleWebKit/537.36 (KHTML, like Gecko) HeadlessChrome/151.0.7922.34 Safari/537.36"
[2026-09-03T03:11:56.384Z]  "GET /js/data/historic-map-data/supreme.js" "Mozilla/5.0 (X11; Linux x86_64) AppleWebKit/537.36 (KHTML, like Gecko) HeadlessChrome/151.0.7922.34 Safari/537.36"
[2026-09-03T03:11:56.385Z]  "GET /js/data/historic-map-data/vishnu/vishnu-base.js" "Mozilla/5.0 (X11; Linux x86_64) AppleWebKit/537.36 (KHTML, like Gecko) HeadlessChrome/151.0.7922.34 Safari/537.36"
[2026-09-03T03:11:56.385Z]  "GET /js/data/historic-map-data/mahesh/mahesh-base.js" "Mozilla/5.0 (X11; Linux x86_64) AppleWebKit/537.36 (KHTML, like Gecko) HeadlessChrome/151.0.7922.34 Safari/537.36"
[2026-09-03T03:11:56.385Z]  "GET /js/data/historic-map-data/brahma/brahma-base.js" "Mozilla/5.0 (X11; Linux x86_64) AppleWebKit/537.36 (KHTML, like Gecko) HeadlessChrome/151.0.7922.34 Safari/537.36"
[2026-09-03T03:11:56.386Z]  "GET /js/data/historic-map-data/brahma/kashyap.js" "Mozilla/5.0 (X11; Linux x86_64) AppleWebKit/537.36 (KHTML, like Gecko) HeadlessChrome/151.0.7922.34 Safari/537.36"
[2026-09-03T03:11:56.387Z]  "GET /js/data/historic-map-data/brahma/suryavansh.js" "Mozilla/5.0 (X11; Linux x86_64) AppleWebKit/537.36 (KHTML, like Gecko) HeadlessChrome/151.0.7922.34 Safari/537.36"
[2026-09-03T03:11:56.398Z]  "GET /js/data/historic-map-data/brahma/chandravansh/core.js" "Mozilla/5.0 (X11; Linux x86_64) AppleWebKit/537.36 (KHTML, like Gecko) HeadlessChrome/151.0.7922.34 Safari/537.36"
[2026-09-03T03:11:56.399Z]  "GET /js/data/historic-map-data/brahma/chandravansh/kashi.js" "Mozilla/5.0 (X11; Linux x86_64) AppleWebKit/537.36 (KHTML, like Gecko) HeadlessChrome/151.0.7922.34 Safari/537.36"
[2026-09-03T03:11:56.399Z]  "GET /js/data/historic-map-data/brahma/chandravansh/yadu.js" "Mozilla/5.0 (X11; Linux x86_64) AppleWebKit/537.36 (KHTML, like Gecko) HeadlessChrome/151.0.7922.34 Safari/537.36"
[2026-09-03T03:11:56.400Z]  "GET /js/data/historic-map-data/brahma/chandravansh/puru.js" "Mozilla/5.0 (X11; Linux x86_64) AppleWebKit/537.36 (KHTML, like Gecko) HeadlessChrome/151.0.7922.34 Safari/537.36"
[2026-09-03T03:11:56.404Z]  "GET /js/data/historic-map-data/brahma/chandravansh/kuru.js" "Mozilla/5.0 (X11; Linux x86_64) AppleWebKit/537.36 (KHTML, like Gecko) HeadlessChrome/151.0.7922.34 Safari/537.36"
[2026-09-03T03:11:56.407Z]  "GET /js/data/historic-map-data/brahma/chandravansh/anu_druhyu_turvasu.js" "Mozilla/5.0 (X11; Linux x86_64) AppleWebKit/537.36 (KHTML, like Gecko) HeadlessChrome/151.0.7922.34 Safari/537.36"
[2026-09-03T03:11:56.409Z]  "GET /js/data/historic-map-data/brahma/agnivansh.js" "Mozilla/5.0 (X11; Linux x86_64) AppleWebKit/537.36 (KHTML, like Gecko) HeadlessChrome/151.0.7922.34 Safari/537.36"
[2026-09-03T03:11:56.410Z]  "GET /js/data/historic-map-data/brahma/jhansi-newalkar.js" "Mozilla/5.0 (X11; Linux x86_64) AppleWebKit/537.36 (KHTML, like Gecko) HeadlessChrome/151.0.7922.34 Safari/537.36"
[2026-09-03T03:11:56.410Z]  "GET /js/layout-engine/tree-builder.js" "Mozilla/5.0 (X11; Linux x86_64) AppleWebKit/537.36 (KHTML, like Gecko) HeadlessChrome/151.0.7922.34 Safari/537.36"
[2026-09-03T03:11:56.411Z]  "GET /js/layout-engine/position-calculator.js" "Mozilla/5.0 (X11; Linux x86_64) AppleWebKit/537.36 (KHTML, like Gecko) HeadlessChrome/151.0.7922.34 Safari/537.36"
[2026-09-03T03:11:56.412Z]  "GET /js/layout-engine/contour-calculator.js" "Mozilla/5.0 (X11; Linux x86_64) AppleWebKit/537.36 (KHTML, like Gecko) HeadlessChrome/151.0.7922.34 Safari/537.36"
[2026-09-03T03:11:56.413Z]  "GET /js/layout-engine/hierarchical-layout.js" "Mozilla/5.0 (X11; Linux x86_64) AppleWebKit/537.36 (KHTML, like Gecko) HeadlessChrome/151.0.7922.34 Safari/537.36"
[2026-09-03T03:11:56.426Z]  "GET /js/layout-engine/color-assigner.js" "Mozilla/5.0 (X11; Linux x86_64) AppleWebKit/537.36 (KHTML, like Gecko) HeadlessChrome/151.0.7922.34 Safari/537.36"
[2026-09-03T03:11:56.427Z]  "GET /js/layout-engine/constants.js" "Mozilla/5.0 (X11; Linux x86_64) AppleWebKit/537.36 (KHTML, like Gecko) HeadlessChrome/151.0.7922.34 Safari/537.36"
[2026-09-03T03:13:39.860Z]  "GET /pages/historic-map.html" "Mozilla/5.0 (X11; Linux x86_64) AppleWebKit/537.36 (KHTML, like Gecko) HeadlessChrome/151.0.7922.34 Safari/537.36"
[2026-09-03T03:13:39.879Z]  "GET /css/global.css" "Mozilla/5.0 (X11; Linux x86_64) AppleWebKit/537.36 (KHTML, like Gecko) HeadlessChrome/151.0.7922.34 Safari/537.36"
[2026-09-03T03:13:39.887Z]  "GET /css/historic-map.css" "Mozilla/5.0 (X11; Linux x86_64) AppleWebKit/537.36 (KHTML, like Gecko) HeadlessChrome/151.0.7922.34 Safari/537.36"
[2026-09-03T03:13:39.888Z]  "GET /js/data/sanatan-glossary.js" "Mozilla/5.0 (X11; Linux x86_64) AppleWebKit/537.36 (KHTML, like Gecko) HeadlessChrome/151.0.7922.34 Safari/537.36"
[2026-09-03T03:13:39.889Z]  "GET /js/data/historic-data.js" "Mozilla/5.0 (X11; Linux x86_64) AppleWebKit/537.36 (KHTML, like Gecko) HeadlessChrome/151.0.7922.34 Safari/537.36"
[2026-09-03T03:13:39.889Z]  "GET /js/layout-engine/index.js" "Mozilla/5.0 (X11; Linux x86_64) AppleWebKit/537.36 (KHTML, like Gecko) HeadlessChrome/151.0.7922.34 Safari/537.36"
[2026-09-03T03:13:39.889Z]  "GET /js/path-finder.js" "Mozilla/5.0 (X11; Linux x86_64) AppleWebKit/537.36 (KHTML, like Gecko) HeadlessChrome/151.0.7922.34 Safari/537.36"
[2026-09-03T03:13:39.890Z]  "GET /js/map-state.js" "Mozilla/5.0 (X11; Linux x86_64) AppleWebKit/537.36 (KHTML, like Gecko) HeadlessChrome/151.0.7922.34 Safari/537.36"
[2026-09-03T03:13:39.896Z]  "GET /js/map-renderer.js" "Mozilla/5.0 (X11; Linux x86_64) AppleWebKit/537.36 (KHTML, like Gecko) HeadlessChrome/151.0.7922.34 Safari/537.36"
[2026-09-03T03:13:39.900Z]  "GET /js/map-controls.js" "Mozilla/5.0 (X11; Linux x86_64) AppleWebKit/537.36 (KHTML, like Gecko) HeadlessChrome/151.0.7922.34 Safari/537.36"
[2026-09-03T03:13:39.900Z]  "GET /js/map-ui.js" "Mozilla/5.0 (X11; Linux x86_64) AppleWebKit/537.36 (KHTML, like Gecko) HeadlessChrome/151.0.7922.34 Safari/537.36"
[2026-09-03T03:13:39.900Z]  "GET /js/historic-map.js" "Mozilla/5.0 (X11; Linux x86_64) AppleWebKit/537.36 (KHTML, like Gecko) HeadlessChrome/151.0.7922.34 Safari/537.36"
[2026-09-03T03:13:39.903Z]  "GET /js/data/historic-map-data/supreme.js" "Mozilla/5.0 (X11; Linux x86_64) AppleWebKit/537.36 (KHTML, like Gecko) HeadlessChrome/151.0.7922.34 Safari/537.36"
[2026-09-03T03:13:39.903Z]  "GET /js/data/historic-map-data/vishnu/vishnu-base.js" "Mozilla/5.0 (X11; Linux x86_64) AppleWebKit/537.36 (KHTML, like Gecko) HeadlessChrome/151.0.7922.34 Safari/537.36"
[2026-09-03T03:13:39.911Z]  "GET /js/data/historic-map-data/mahesh/mahesh-base.js" "Mozilla/5.0 (X11; Linux x86_64) AppleWebKit/537.36 (KHTML, like Gecko) HeadlessChrome/151.0.7922.34 Safari/537.36"
[2026-09-03T03:13:39.912Z]  "GET /js/data/historic-map-data/brahma/brahma-base.js" "Mozilla/5.0 (X11; Linux x86_64) AppleWebKit/537.36 (KHTML, like Gecko) HeadlessChrome/151.0.7922.34 Safari/537.36"
[2026-09-03T03:13:39.912Z]  "GET /js/data/historic-map-data/brahma/kashyap.js" "Mozilla/5.0 (X11; Linux x86_64) AppleWebKit/537.36 (KHTML, like Gecko) HeadlessChrome/151.0.7922.34 Safari/537.36"
[2026-09-03T03:13:39.912Z]  "GET /js/data/historic-map-data/brahma/suryavansh.js" "Mozilla/5.0 (X11; Linux x86_64) AppleWebKit/537.36 (KHTML, like Gecko) HeadlessChrome/151.0.7922.34 Safari/537.36"
[2026-09-03T03:13:39.913Z]  "GET /js/data/historic-map-data/brahma/chandravansh/core.js" "Mozilla/5.0 (X11; Linux x86_64) AppleWebKit/537.36 (KHTML, like Gecko) HeadlessChrome/151.0.7922.34 Safari/537.36"
[2026-09-03T03:13:39.913Z]  "GET /js/data/historic-map-data/brahma/chandravansh/kashi.js" "Mozilla/5.0 (X11; Linux x86_64) AppleWebKit/537.36 (KHTML, like Gecko) HeadlessChrome/151.0.7922.34 Safari/537.36"
[2026-09-03T03:13:39.917Z]  "GET /js/data/historic-map-data/brahma/chandravansh/yadu.js" "Mozilla/5.0 (X11; Linux x86_64) AppleWebKit/537.36 (KHTML, like Gecko) HeadlessChrome/151.0.7922.34 Safari/537.36"
[2026-09-03T03:13:39.930Z]  "GET /js/data/historic-map-data/brahma/chandravansh/puru.js" "Mozilla/5.0 (X11; Linux x86_64) AppleWebKit/537.36 (KHTML, like Gecko) HeadlessChrome/151.0.7922.34 Safari/537.36"
[2026-09-03T03:13:39.930Z]  "GET /js/data/historic-map-data/brahma/chandravansh/kuru.js" "Mozilla/5.0 (X11; Linux x86_64) AppleWebKit/537.36 (KHTML, like Gecko) HeadlessChrome/151.0.7922.34 Safari/537.36"
[2026-09-03T03:13:39.932Z]  "GET /js/data/historic-map-data/brahma/chandravansh/anu_druhyu_turvasu.js" "Mozilla/5.0 (X11; Linux x86_64) AppleWebKit/537.36 (KHTML, like Gecko) HeadlessChrome/151.0.7922.34 Safari/537.36"
[2026-09-03T03:13:39.932Z]  "GET /js/data/historic-map-data/brahma/agnivansh.js" "Mozilla/5.0 (X11; Linux x86_64) AppleWebKit/537.36 (KHTML, like Gecko) HeadlessChrome/151.0.7922.34 Safari/537.36"
[2026-09-03T03:13:39.933Z]  "GET /js/data/historic-map-data/brahma/jhansi-newalkar.js" "Mozilla/5.0 (X11; Linux x86_64) AppleWebKit/537.36 (KHTML, like Gecko) HeadlessChrome/151.0.7922.34 Safari/537.36"
[2026-09-03T03:13:39.934Z]  "GET /js/layout-engine/tree-builder.js" "Mozilla/5.0 (X11; Linux x86_64) AppleWebKit/537.36 (KHTML, like Gecko) HeadlessChrome/151.0.7922.34 Safari/537.36"
[2026-09-03T03:13:39.934Z]  "GET /js/layout-engine/position-calculator.js" "Mozilla/5.0 (X11; Linux x86_64) AppleWebKit/537.36 (KHTML, like Gecko) HeadlessChrome/151.0.7922.34 Safari/537.36"
[2026-09-03T03:13:39.936Z]  "GET /js/layout-engine/contour-calculator.js" "Mozilla/5.0 (X11; Linux x86_64) AppleWebKit/537.36 (KHTML, like Gecko) HeadlessChrome/151.0.7922.34 Safari/537.36"
[2026-09-03T03:13:39.941Z]  "GET /js/layout-engine/hierarchical-layout.js" "Mozilla/5.0 (X11; Linux x86_64) AppleWebKit/537.36 (KHTML, like Gecko) HeadlessChrome/151.0.7922.34 Safari/537.36"
[2026-09-03T03:13:39.942Z]  "GET /js/layout-engine/color-assigner.js" "Mozilla/5.0 (X11; Linux x86_64) AppleWebKit/537.36 (KHTML, like Gecko) HeadlessChrome/151.0.7922.34 Safari/537.36"
[2026-09-03T03:13:39.942Z]  "GET /js/layout-engine/constants.js" "Mozilla/5.0 (X11; Linux x86_64) AppleWebKit/537.36 (KHTML, like Gecko) HeadlessChrome/151.0.7922.34 Safari/537.36"
http-server stopped.
